
> food-mood@0.1.0 build
> next build

node.exe :  ÔÜá Invalid 
next.config.mjs options 
detected: 
En línea: 1 Carácter: 1
+ & "C:\Program 
Files\nodejs/node.exe" 
"C:\Program 
Files\nodejs/node_mo ...
+ ~~~~~~~~~~~~~~~~~~~~~~~~
~~~~~~~~~~~~~~~~~~~~~~~~~~
~~~~~~~~~~~~~~~~~~~
    + CategoryInfo        
      : NotSpecified: (   
  ÔÜá Invalid ne...ions   
  detected: :String) [    
], RemoteException
    + FullyQualifiedError 
   Id : NativeCommandErr  
  or
 
 ÔÜá     Unrecognized 
key(s) in object: 
'serverExternalPackages'
 ÔÜá See more info here: h
ttps://nextjs.org/docs/mes
sages/invalid-next-config
  Ôû▓ Next.js 14.2.35
  - Environments: .env.local

   Creating an optimized production build ...
 Ô£ô (pwa) Compiling for server...
 Ô£ô (pwa) Compiling for server...
 Ô£ô (pwa) Compiling for client (static)...
 Ôùï (pwa) Service worker: C:\Users\coach\.gemini\antigravity\scratch\food-mood\public\sw.js
 Ôùï (pwa)   URL: /sw.js
 Ôùï (pwa)   Scope: /
 Ô£ô Compiled successfully
   Skipping validation of types
   Linting ...

Failed to compile.

./src/app/resultado/page.t
sx
161:15  Error: `"` can be 
escaped with `&quot;`, 
`&ldquo;`, `&#34;`, 
`&rdquo;`.  react/no-unesc
aped-entities
161:37  Error: `"` can be 
escaped with `&quot;`, 
`&ldquo;`, `&#34;`, 
`&rdquo;`.  react/no-unesc
aped-entities
330:21  Error: `"` can be 
escaped with `&quot;`, 
`&ldquo;`, `&#34;`, 
`&rdquo;`.  react/no-unesc
aped-entities
330:43  Error: `"` can be 
escaped with `&quot;`, 
`&ldquo;`, `&#34;`, 
`&rdquo;`.  react/no-unesc
aped-entities

./src/components/chat/Chat
Widget.tsx
37:6  Warning: React Hook 
useEffect has a missing 
dependency: 
'messages.length'. Either 
include it or remove the 
dependency array.  react-h
ooks/exhaustive-deps

./src/components/recipe/Re
cipeCard.tsx
32:11  Warning: Using 
`<img>` could result in 
slower LCP and higher 
bandwidth. Consider using 
`<Image />` from 
`next/image` to 
automatically optimize 
images. This may incur 
additional usage or cost 
from your provider. See: h
ttps://nextjs.org/docs/mes
sages/no-img-element  
@next/next/no-img-element

./src/components/recipe/Re
cipeDetail.tsx
52:11  Warning: Using 
`<img>` could result in 
slower LCP and higher 
bandwidth. Consider using 
`<Image />` from 
`next/image` to 
automatically optimize 
images. This may incur 
additional usage or cost 
from your provider. See: h
ttps://nextjs.org/docs/mes
sages/no-img-element  
@next/next/no-img-element

./src/components/ui/Avatar
.tsx
34:11  Warning: Using 
`<img>` could result in 
slower LCP and higher 
bandwidth. Consider using 
`<Image />` from 
`next/image` to 
automatically optimize 
images. This may incur 
additional usage or cost 
from your provider. See: h
ttps://nextjs.org/docs/mes
sages/no-img-element  
@next/next/no-img-element

info  - Need to disable 
some ESLint rules? Learn 
more here: https://nextjs.
org/docs/basic-features/es
lint#disabling-rules
