src/app/layout.tsx(9,28): error TS2307: Cannot find module '@/components/chat/ChatWidget' or its corresponding type declarations.
